.< west=.<<
.<< north=.<<^ south=.<<v east=.<
.<<<< north=.<<<<^ south=.<<<<v west=.<<<<<
.<<<<< east=.<<<<
.<<<<^ south=.<<<<
.<<<<v north=.<<<<
.<<<^ north=.<<<^^ east=.<<<^> west=.<<<^<
.<<<^< east=.<<<^
.<<<^> west=.<<<^
.<<<^^ south=.<<<^
.<<<v<
.<<<v>
.<<<vv
.<<^ north=.<<^^ south=.<< east=.<<^>
.<<^<<
.<<^<^
.<<^<v
.<<^> north=.<<^>^ south=.<<^>v east=.<<^>> west=.<<^
.<<^>> west=.<<^>
.<<^>^ south=.<<^>
.<<^>v north=.<<^>
.<<^^ north=.<<^^^ south=.<<^ east=.<<^^> west=.<<^^<
.<<^^< east=.<<^^
.<<^^> west=.<<^^
.<<^^^ south=.<<^^
.<<v north=.<< south=.<<vv west=.<<v<
.<<v< north=.<<v<^ south=.<<v<v east=.<<v west=.<<v<<
.<<v<< east=.<<v<
.<<v<^ south=.<<v<
.<<v<v north=.<<v<
.<<v>>
.<<v>^
.<<v>v
.<<vv north=.<<v south=.<<vvv east=.<<vv> west=.<<vv<
.<<vv< east=.<<vv
.<<vv> west=.<<vv
.<<vvv north=.<<vv
.<^< north=.<^<^ west=.<^<<
.<^<< north=.<^<<^ south=.<^<<v east=.<^< west=.<^<<<
.<^<<< east=.<^<<
.<^<<^ south=.<^<<
.<^<<v north=.<^<<
.<^<^ north=.<^<^^ south=.<^< east=.<^<^> west=.<^<^<
.<^<^< east=.<^<^
.<^<^> west=.<^<^
.<^<^^ south=.<^<^
.<^<v<
.<^<v>
.<^<vv
.<^> north=.<^>^ south=.<^>v
.<^>>>
.<^>>^
.<^>>v
.<^>^ north=.<^>^^ south=.<^> east=.<^>^> west=.<^>^<
.<^>^< east=.<^>^
.<^>^> west=.<^>^
.<^>^^ south=.<^>^
.<^>v north=.<^> south=.<^>vv east=.<^>v> west=.<^>v<
.<^>v< east=.<^>v
.<^>v> west=.<^>v
.<^>vv north=.<^>v
.<^^ north=.<^^^ east=.<^^> west=.<^^<
.<^^< north=.<^^<^ south=.<^^<v east=.<^^ west=.<^^<<
.<^^<< east=.<^^<
.<^^<^ south=.<^^<
.<^^<v north=.<^^<
.<^^> north=.<^^>^ south=.<^^>v east=.<^^>> west=.<^^
.<^^>> west=.<^^>
.<^^>^ south=.<^^>
.<^^>v north=.<^^>
.<^^^ north=.<^^^^ south=.<^^ east=.<^^^> west=.<^^^<
.<^^^< east=.<^^^
.<^^^> west=.<^^^
.<^^^^ south=.<^^^
.<v< north=.<v<^ south=.<v<v west=.<v<<
.<v<< north=.<v<<^ south=.<v<<v east=.<v< west=.<v<<<
.<v<<< east=.<v<<
.<v<<^ south=.<v<<
.<v<<v north=.<v<<
.<v<^ north=.<v<^^ south=.<v< east=.<v<^> west=.<v<^<
.<v<^< east=.<v<^
.<v<^> west=.<v<^
.<v<^^ south=.<v<^
.<v<v north=.<v< south=.<v<vv east=.<v<v> west=.<v<v<
.<v<v< east=.<v<v
.<v<v> west=.<v<v
.<v<vv north=.<v<v
.<v> south=.<v>v east=.<v>>
.<v>> north=.<v>>^ south=.<v>>v east=.<v>>> west=.<v>
.<v>>> west=.<v>>
.<v>>^ south=.<v>>
.<v>>v north=.<v>>
.<v>^<
.<v>^>
.<v>^^
.<v>v north=.<v> south=.<v>vv east=.<v>v> west=.<v>v<
.<v>v< east=.<v>v
.<v>v> west=.<v>v
.<v>vv north=.<v>v
.<vv south=.<vvv east=.<vv> west=.<vv<
.<vv< north=.<vv<^ south=.<vv<v east=.<vv west=.<vv<<
.<vv<< east=.<vv<
.<vv<^ south=.<vv<
.<vv<v north=.<vv<
.<vv> north=.<vv>^ south=.<vv>v east=.<vv>> west=.<vv
.<vv>> west=.<vv>
.<vv>^ south=.<vv>
.<vv>v north=.<vv>
.<vvv north=.<vv south=.<vvvv east=.<vvv> west=.<vvv<
.<vvv< east=.<vvv
.<vvv> west=.<vvv
.<vvvv north=.<vvv
.> north=.>^ south=.>v east=.>>
.>> north=.>>^ west=.>
.>>>> north=.>>>>^ south=.>>>>v east=.>>>>>
.>>>>> west=.>>>>
.>>>>^ south=.>>>>
.>>>>v north=.>>>>
.>>>^ north=.>>>^^ east=.>>>^> west=.>>>^<
.>>>^< east=.>>>^
.>>>^> west=.>>>^
.>>>^^ south=.>>>^
.>>>v south=.>>>vv east=.>>>v> west=.>>>v<
.>>>v< east=.>>>v
.>>>v> west=.>>>v
.>>>vv north=.>>>v
.>>^ north=.>>^^ south=.>> east=.>>^> west=.>>^<
.>>^< north=.>>^<^ south=.>>^<v east=.>>^ west=.>>^<<
.>>^<< east=.>>^<
.>>^<^ south=.>>^<
.>>^<v north=.>>^<
.>>^> north=.>>^>^ south=.>>^>v east=.>>^>> west=.>>^
.>>^>> west=.>>^>
.>>^>^ south=.>>^>
.>>^>v north=.>>^>
.>>^^ north=.>>^^^ south=.>>^ east=.>>^^> west=.>>^^<
.>>^^< east=.>>^^
.>>^^> west=.>>^^
.>>^^^ south=.>>^^
.>>v< north=.>>v<^ south=.>>v<v west=.>>v<<
.>>v<< east=.>>v<
.>>v<^ south=.>>v<
.>>v<v north=.>>v<
.>>v> north=.>>v>^ south=.>>v>v east=.>>v>>
.>>v>> west=.>>v>
.>>v>^ south=.>>v>
.>>v>v north=.>>v>
.>>vv<
.>>vv>
.>>vvv
.>^ north=.>^^ south=.> east=.>^> west=.>^<
.>^< north=.>^<^ east=.>^ west=.>^<<
.>^<< north=.>^<<^ south=.>^<<v east=.>^< west=.>^<<<
.>^<<< east=.>^<<
.>^<<^ south=.>^<<
.>^<<v north=.>^<<
.>^<^ north=.>^<^^ south=.>^< east=.>^<^> west=.>^<^<
.>^<^< east=.>^<^
.>^<^> west=.>^<^
.>^<^^ south=.>^<^
.>^<v<
.>^<v>
.>^<vv
.>^> south=.>^>v east=.>^>> west=.>^
.>^>> north=.>^>>^ south=.>^>>v east=.>^>>> west=.>^>
.>^>>> west=.>^>>
.>^>>^ south=.>^>>
.>^>>v north=.>^>>
.>^>^<
.>^>^>
.>^>^^
.>^>v north=.>^> south=.>^>vv east=.>^>v> west=.>^>v<
.>^>v< east=.>^>v
.>^>v> west=.>^>v
.>^>vv north=.>^>v
.>^^ north=.>^^^ south=.>^ east=.>^^> west=.>^^<
.>^^< north=.>^^<^ south=.>^^<v east=.>^^ west=.>^^<<
.>^^<< east=.>^^<
.>^^<^ south=.>^^<
.>^^<v north=.>^^<
.>^^> north=.>^^>^ south=.>^^>v west=.>^^
.>^^>^ south=.>^^>
.>^^>v north=.>^^>
.>^^^ north=.>^^^^ south=.>^^ east=.>^^^> west=.>^^^<
.>^^^< east=.>^^^
.>^^^> west=.>^^^
.>^^^^ south=.>^^^
.>v north=.> south=.>vv east=.>v>
.>v<< north=.>v<<^ south=.>v<<v west=.>v<<<
.>v<<< east=.>v<<
.>v<<^ south=.>v<<
.>v<<v north=.>v<<
.>v<^ north=.>v<^^ east=.>v<^> west=.>v<^<
.>v<^< east=.>v<^
.>v<^> west=.>v<^
.>v<^^ south=.>v<^
.>v<v south=.>v<vv east=.>v<v> west=.>v<v<
.>v<v< east=.>v<v
.>v<v> west=.>v<v
.>v<vv north=.>v<v
.>v> north=.>v>^ east=.>v>> west=.>v
.>v>> north=.>v>>^ south=.>v>>v east=.>v>>> west=.>v>
.>v>>> west=.>v>>
.>v>>^ south=.>v>>
.>v>>v north=.>v>>
.>v>^ north=.>v>^^ south=.>v> east=.>v>^> west=.>v>^<
.>v>^< east=.>v>^
.>v>^> west=.>v>^
.>v>^^ south=.>v>^
.>v>v<
.>v>v>
.>v>vv
.>vv north=.>v south=.>vvv east=.>vv> west=.>vv<
.>vv< north=.>vv<^ east=.>vv west=.>vv<<
.>vv<< east=.>vv<
.>vv<^ south=.>vv<
.>vv> north=.>vv>^ south=.>vv>v east=.>vv>> west=.>vv
.>vv>> west=.>vv>
.>vv>^ south=.>vv>
.>vv>v north=.>vv>
.>vvv north=.>vv south=.>vvvv east=.>vvv> west=.>vvv<
.>vvv< east=.>vvv
.>vvv> west=.>vvv
.>vvvv north=.>vvv
.^ north=.^^ east=.^> west=.^<
.^< south=.^<v east=.^ west=.^<<
.^<< north=.^<<^ south=.^<<v east=.^<
.^<<<<
.^<<<^
.^<<<v
.^<<^ north=.^<<^^ south=.^<< east=.^<<^> west=.^<<^<
.^<<^< east=.^<<^
.^<<^> west=.^<<^
.^<<^^ south=.^<<^
.^<<v north=.^<< south=.^<<vv east=.^<<v> west=.^<<v<
.^<<v< east=.^<<v
.^<<v> west=.^<<v
.^<<vv north=.^<<v
.^<^< north=.^<^<^ south=.^<^<v west=.^<^<<
.^<^<< east=.^<^<
.^<^<^ south=.^<^<
.^<^<v north=.^<^<
.^<^> north=.^<^>^ south=.^<^>v east=.^<^>>
.^<^>> west=.^<^>
.^<^>^ south=.^<^>
.^<^>v north=.^<^>
.^<^^ north=.^<^^^ east=.^<^^> west=.^<^^<
.^<^^< east=.^<^^
.^<^^> west=.^<^^
.^<^^^ south=.^<^^
.^<v north=.^< south=.^<vv west=.^<v<
.^<v< north=.^<v<^ south=.^<v<v east=.^<v west=.^<v<<
.^<v<< east=.^<v<
.^<v<^ south=.^<v<
.^<v<v north=.^<v<
.^<v>>
.^<v>^
.^<v>v
.^<vv north=.^<v south=.^<vvv east=.^<vv> west=.^<vv<
.^<vv< east=.^<vv
.^<vv> west=.^<vv
.^<vvv north=.^<vv
.^> north=.^>^ east=.^>> west=.^
.^>> north=.^>>^ south=.^>>v east=.^>>> west=.^>
.^>>> north=.^>>>^ south=.^>>>v east=.^>>>> west=.^>>
.^>>>> west=.^>>>
.^>>>^ south=.^>>>
.^>>>v north=.^>>>
.^>>^ north=.^>>^^ south=.^>> east=.^>>^> west=.^>>^<
.^>>^< east=.^>>^
.^>>^> west=.^>>^
.^>>^^ south=.^>>^
.^>>v north=.^>> south=.^>>vv east=.^>>v> west=.^>>v<
.^>>v< east=.^>>v
.^>>v> west=.^>>v
.^>>vv north=.^>>v
.^>^ north=.^>^^ south=.^> east=.^>^> west=.^>^<
.^>^< north=.^>^<^ south=.^>^<v east=.^>^ west=.^>^<<
.^>^<< east=.^>^<
.^>^<^ south=.^>^<
.^>^<v north=.^>^<
.^>^> north=.^>^>^ south=.^>^>v west=.^>^
.^>^>^ south=.^>^>
.^>^>v north=.^>^>
.^>^^ north=.^>^^^ south=.^>^ east=.^>^^> west=.^>^^<
.^>^^< east=.^>^^
.^>^^> west=.^>^^
.^>^^^ south=.^>^^
.^>v< north=.^>v<^ south=.^>v<v west=.^>v<<
.^>v<< east=.^>v<
.^>v<^ south=.^>v<
.^>v<v north=.^>v<
.^>v> north=.^>v>^ south=.^>v>v east=.^>v>>
.^>v>> west=.^>v>
.^>v>^ south=.^>v>
.^>v>v north=.^>v>
.^>vv south=.^>vvv east=.^>vv> west=.^>vv<
.^>vv< east=.^>vv
.^>vv> west=.^>vv
.^>vvv north=.^>vv
.^^ south=.^ east=.^^> west=.^^<
.^^< north=.^^<^ east=.^^ west=.^^<<
.^^<< north=.^^<<^ south=.^^<<v east=.^^< west=.^^<<<
.^^<<< east=.^^<<
.^^<<^ south=.^^<<
.^^<<v north=.^^<<
.^^<^ north=.^^<^^ south=.^^< east=.^^<^> west=.^^<^<
.^^<^< east=.^^<^
.^^<^> west=.^^<^
.^^<^^ south=.^^<^
.^^<v<
.^^<v>
.^^<vv
.^^> north=.^^>^ south=.^^>v east=.^^>> west=.^^
.^^>> north=.^^>>^ south=.^^>>v east=.^^>>> west=.^^>
.^^>>> west=.^^>>
.^^>>^ south=.^^>>
.^^>>v north=.^^>>
.^^>^ north=.^^>^^ south=.^^> east=.^^>^> west=.^^>^<
.^^>^< east=.^^>^
.^^>^> west=.^^>^
.^^>^^ south=.^^>^
.^^>v north=.^^> south=.^^>vv east=.^^>v> west=.^^>v<
.^^>v< east=.^^>v
.^^>v> west=.^^>v
.^^>vv north=.^^>v
.^^^<<
.^^^<^
.^^^<v
.^^^>>
.^^^>^
.^^^>v
.^^^^ east=.^^^^> west=.^^^^<
.^^^^< east=.^^^^
.^^^^> west=.^^^^
.v south=.vv east=.v>
.v<< west=.v<<<
.v<<< north=.v<<<^ south=.v<<<v east=.v<< west=.v<<<<
.v<<<< east=.v<<<
.v<<<^ south=.v<<<
.v<<<v north=.v<<<
.v<<^<
.v<<^>
.v<<^^
.v<<v<
.v<<v>
.v<<vv
.v<^ north=.v<^^ east=.v<^> west=.v<^<
.v<^< north=.v<^<^ south=.v<^<v east=.v<^ west=.v<^<<
.v<^<< east=.v<^<
.v<^<^ south=.v<^<
.v<^<v north=.v<^<
.v<^> north=.v<^>^ south=.v<^>v east=.v<^>> west=.v<^
.v<^>> west=.v<^>
.v<^>^ south=.v<^>
.v<^>v north=.v<^>
.v<^^ north=.v<^^^ south=.v<^ east=.v<^^> west=.v<^^<
.v<^^< east=.v<^^
.v<^^> west=.v<^^
.v<^^^ south=.v<^^
.v<v east=.v<v> west=.v<v<
.v<v< north=.v<v<^ south=.v<v<v east=.v<v west=.v<v<<
.v<v<< east=.v<v<
.v<v<^ south=.v<v<
.v<v<v north=.v<v<
.v<v> north=.v<v>^ south=.v<v>v east=.v<v>> west=.v<v
.v<v>> west=.v<v>
.v<v>^ south=.v<v>
.v<v>v north=.v<v>
.v<vv<
.v<vv>
.v<vvv
.v> north=.v>^ south=.v>v east=.v>> west=.v
.v>> east=.v>>> west=.v>
.v>>> north=.v>>>^ south=.v>>>v east=.v>>>> west=.v>>
.v>>>> west=.v>>>
.v>>>^ south=.v>>>
.v>>>v north=.v>>>
.v>>^<
.v>>^>
.v>>^^
.v>>v<
.v>>v>
.v>>vv
.v>^ north=.v>^^ south=.v> east=.v>^> west=.v>^<
.v>^< north=.v>^<^ south=.v>^<v east=.v>^ west=.v>^<<
.v>^<< east=.v>^<
.v>^<^ south=.v>^<
.v>^<v north=.v>^<
.v>^> north=.v>^>^ south=.v>^>v east=.v>^>> west=.v>^
.v>^>> west=.v>^>
.v>^>^ south=.v>^>
.v>^>v north=.v>^>
.v>^^ north=.v>^^^ south=.v>^ east=.v>^^> west=.v>^^<
.v>^^< east=.v>^^
.v>^^> west=.v>^^
.v>^^^ south=.v>^^
.v>v north=.v> south=.v>vv east=.v>v>
.v>v<<
.v>v<^
.v>v<v
.v>v> north=.v>v>^ south=.v>v>v east=.v>v>> west=.v>v
.v>v>> west=.v>v>
.v>v>^ south=.v>v>
.v>v>v north=.v>v>
.v>vv north=.v>v south=.v>vvv east=.v>vv> west=.v>vv<
.v>vv< east=.v>vv
.v>vv> west=.v>vv
.v>vvv north=.v>vv
.vv north=.v south=.vvv east=.vv> west=.vv<
.vv< east=.vv west=.vv<<
.vv<< north=.vv<<^ south=.vv<<v east=.vv< west=.vv<<<
.vv<<< east=.vv<<
.vv<<^ south=.vv<<
.vv<<v north=.vv<<
.vv<^<
.vv<^>
.vv<^^
.vv<v<
.vv<v>
.vv<vv
.vv> north=.vv>^ south=.vv>v east=.vv>> west=.vv
.vv>> north=.vv>>^ south=.vv>>v east=.vv>>> west=.vv>
.vv>>> west=.vv>>
.vv>>^ south=.vv>>
.vv>>v north=.vv>>
.vv>^ north=.vv>^^ south=.vv> east=.vv>^> west=.vv>^<
.vv>^< east=.vv>^
.vv>^> west=.vv>^
.vv>^^ south=.vv>^
.vv>v north=.vv> south=.vv>vv east=.vv>v> west=.vv>v<
.vv>v< east=.vv>v
.vv>v> west=.vv>v
.vv>vv north=.vv>v
.vvv north=.vv east=.vvv> west=.vvv<
.vvv< north=.vvv<^ south=.vvv<v east=.vvv
.vvv<^ south=.vvv<
.vvv<v north=.vvv<
.vvv> north=.vvv>^ south=.vvv>v east=.vvv>> west=.vvv
.vvv>> west=.vvv>
.vvv>^ south=.vvv>
.vvv>v north=.vvv>
.vvvv<
.vvvv>
.vvvvv
